[      80ms] [INFO] %cDownload the React DevTools for a better development experience: https://react.dev/link/react-devtools font-weight:bold @ http://localhost:5173/node_modules/.vite/deps/react-dom_client.js?v=d55730a6:14090
[    1958ms] [WARNING] THREE.THREE.Clock: This module has been deprecated. Please use THREE.Timer instead. @ http://localhost:5173/@vite/client:509
[  147622ms] ReferenceError: pages is not defined
    at renderPageToCanvas (http://localhost:5173/src/hooks/usePageTexture.ts?t=1776313615291:102:21)
    at http://localhost:5173/src/hooks/usePageTexture.ts?t=1776313615291:123:18
    at Vi (http://localhost:5173/node_modules/.vite/deps/react-three-fiber.esm-4d3e4zwU.js?v=03bf4acf:4162:13)
    at Object.useMemo (http://localhost:5173/node_modules/.vite/deps/react-three-fiber.esm-4d3e4zwU.js?v=03bf4acf:7764:14)
    at exports.useMemo (http://localhost:5173/node_modules/.vite/deps/react.js?v=7ba20b37:736:31)
    at usePageTexture (http://localhost:5173/src/hooks/usePageTexture.ts?t=1776313615291:121:18)
    at Page (http://localhost:5173/src/components/Book/Page.tsx?t=1776313615291:10:18)
    at Object.react_stack_bottom_frame (http://localhost:5173/node_modules/.vite/deps/react-three-fiber.esm-4d3e4zwU.js?v=03bf4acf:7465:13)
    at It (http://localhost:5173/node_modules/.vite/deps/react-three-fiber.esm-4d3e4zwU.js?v=03bf4acf:3593:13)
    at ks (http://localhost:5173/node_modules/.vite/deps/react-three-fiber.esm-4d3e4zwU.js?v=03bf4acf:4615:362)
[  147624ms] ReferenceError: pages is not defined
    at renderPageToCanvas (http://localhost:5173/src/hooks/usePageTexture.ts?t=1776313615291:102:21)
    at http://localhost:5173/src/hooks/usePageTexture.ts?t=1776313615291:123:18
    at Vi (http://localhost:5173/node_modules/.vite/deps/react-three-fiber.esm-4d3e4zwU.js?v=03bf4acf:4162:13)
    at Object.useMemo (http://localhost:5173/node_modules/.vite/deps/react-three-fiber.esm-4d3e4zwU.js?v=03bf4acf:7764:14)
    at exports.useMemo (http://localhost:5173/node_modules/.vite/deps/react.js?v=7ba20b37:736:31)
    at usePageTexture (http://localhost:5173/src/hooks/usePageTexture.ts?t=1776313615291:121:18)
    at Page (http://localhost:5173/src/components/Book/Page.tsx?t=1776313615291:10:18)
    at Object.react_stack_bottom_frame (http://localhost:5173/node_modules/.vite/deps/react-three-fiber.esm-4d3e4zwU.js?v=03bf4acf:7465:13)
    at It (http://localhost:5173/node_modules/.vite/deps/react-three-fiber.esm-4d3e4zwU.js?v=03bf4acf:3593:13)
    at ks (http://localhost:5173/node_modules/.vite/deps/react-three-fiber.esm-4d3e4zwU.js?v=03bf4acf:4615:362)
[  147622ms] [WARNING] %s

%s
 An error occurred in the <CanvasImpl> component. Consider adding an error boundary to your tree to customize error handling behavior.
Visit https://react.dev/link/error-boundaries to learn more about error boundaries. @ http://localhost:5173/@vite/client:509
[  148131ms] [LOG] THREE.WebGLRenderer: Context Lost. @ http://localhost:5173/node_modules/.vite/deps/three.module-BtZcz66E.js?v=03bf4acf:1694
[  155855ms] [WARNING] THREE.THREE.Clock: This module has been deprecated. Please use THREE.Timer instead. @ http://localhost:5173/@vite/client:509
[  155891ms] ReferenceError: pages is not defined
    at renderPageToCanvas (http://localhost:5173/src/hooks/usePageTexture.ts?t=1776313623478:103:21)
    at http://localhost:5173/src/hooks/usePageTexture.ts?t=1776313623478:124:18
    at Vi (http://localhost:5173/node_modules/.vite/deps/react-three-fiber.esm-4d3e4zwU.js?v=03bf4acf:4162:13)
    at Object.useMemo (http://localhost:5173/node_modules/.vite/deps/react-three-fiber.esm-4d3e4zwU.js?v=03bf4acf:7764:14)
    at exports.useMemo (http://localhost:5173/node_modules/.vite/deps/react.js?v=7ba20b37:736:31)
    at usePageTexture (http://localhost:5173/src/hooks/usePageTexture.ts?t=1776313623478:122:18)
    at Flap (http://localhost:5173/src/components/Book/Flap.tsx?t=1776313623478:15:22)
    at Object.react_stack_bottom_frame (http://localhost:5173/node_modules/.vite/deps/react-three-fiber.esm-4d3e4zwU.js?v=03bf4acf:7465:13)
    at It (http://localhost:5173/node_modules/.vite/deps/react-three-fiber.esm-4d3e4zwU.js?v=03bf4acf:3593:13)
    at ks (http://localhost:5173/node_modules/.vite/deps/react-three-fiber.esm-4d3e4zwU.js?v=03bf4acf:4615:362)
[  155892ms] ReferenceError: pages is not defined
    at renderPageToCanvas (http://localhost:5173/src/hooks/usePageTexture.ts?t=1776313623478:103:21)
    at http://localhost:5173/src/hooks/usePageTexture.ts?t=1776313623478:124:18
    at Vi (http://localhost:5173/node_modules/.vite/deps/react-three-fiber.esm-4d3e4zwU.js?v=03bf4acf:4162:13)
    at Object.useMemo (http://localhost:5173/node_modules/.vite/deps/react-three-fiber.esm-4d3e4zwU.js?v=03bf4acf:7764:14)
    at exports.useMemo (http://localhost:5173/node_modules/.vite/deps/react.js?v=7ba20b37:736:31)
    at usePageTexture (http://localhost:5173/src/hooks/usePageTexture.ts?t=1776313623478:122:18)
    at Flap (http://localhost:5173/src/components/Book/Flap.tsx?t=1776313623478:15:22)
    at Object.react_stack_bottom_frame (http://localhost:5173/node_modules/.vite/deps/react-three-fiber.esm-4d3e4zwU.js?v=03bf4acf:7465:13)
    at It (http://localhost:5173/node_modules/.vite/deps/react-three-fiber.esm-4d3e4zwU.js?v=03bf4acf:3593:13)
    at ks (http://localhost:5173/node_modules/.vite/deps/react-three-fiber.esm-4d3e4zwU.js?v=03bf4acf:4615:362)
[  155886ms] [WARNING] %s

%s
 An error occurred in the <CanvasImpl> component. Consider adding an error boundary to your tree to customize error handling behavior.
Visit https://react.dev/link/error-boundaries to learn more about error boundaries. @ http://localhost:5173/@vite/client:509
[  156389ms] [LOG] THREE.WebGLRenderer: Context Lost. @ http://localhost:5173/node_modules/.vite/deps/three.module-BtZcz66E.js?v=03bf4acf:1694
[  163920ms] [WARNING] THREE.THREE.Clock: This module has been deprecated. Please use THREE.Timer instead. @ http://localhost:5173/@vite/client:509
