[      95ms] [INFO] %cDownload the React DevTools for a better development experience: https://react.dev/link/react-devtools font-weight:bold @ http://localhost:5173/node_modules/.vite/deps/react-dom_client.js?v=d55730a6:14090
[    1987ms] [WARNING] THREE.THREE.Clock: This module has been deprecated. Please use THREE.Timer instead. @ http://localhost:5173/@vite/client:509
[  682157ms] [ERROR] React has detected a change in the order of Hooks called by %s. This will lead to bugs and errors if not fixed. For more information, read the Rules of Hooks: https://react.dev/link/rules-of-hooks

   Previous render            Next render
   ------------------------------------------------------
%s   ^^^^^^^^^^^^^^^^^^^^^^^^^^^^^^^^^^^^^^^^^^^^^^^^^^^^^^
 Page 1. useState                   useMemo
 @ http://localhost:5173/@vite/client:509
[  682167ms] Error: Rendered fewer hooks than expected. This may be caused by an accidental early return statement.
    at cs (http://localhost:5173/node_modules/.vite/deps/react-three-fiber.esm-4d3e4zwU.js?v=03bf4acf:3611:259)
    at It (http://localhost:5173/node_modules/.vite/deps/react-three-fiber.esm-4d3e4zwU.js?v=03bf4acf:3602:12)
    at ks (http://localhost:5173/node_modules/.vite/deps/react-three-fiber.esm-4d3e4zwU.js?v=03bf4acf:4615:362)
    at tt (http://localhost:5173/node_modules/.vite/deps/react-three-fiber.esm-4d3e4zwU.js?v=03bf4acf:4936:21)
    at B (http://localhost:5173/node_modules/.vite/deps/react-three-fiber.esm-4d3e4zwU.js?v=03bf4acf:2445:55)
    at Ph (http://localhost:5173/node_modules/.vite/deps/react-three-fiber.esm-4d3e4zwU.js?v=03bf4acf:6705:38)
    at wh (http://localhost:5173/node_modules/.vite/deps/react-three-fiber.esm-4d3e4zwU.js?v=03bf4acf:6624:26)
    at Ff (http://localhost:5173/node_modules/.vite/deps/react-three-fiber.esm-4d3e4zwU.js?v=03bf4acf:6615:7)
    at Lf (http://localhost:5173/node_modules/.vite/deps/react-three-fiber.esm-4d3e4zwU.js?v=03bf4acf:6406:48)
    at Ap (http://localhost:5173/node_modules/.vite/deps/react-three-fiber.esm-4d3e4zwU.js?v=03bf4acf:2839:23)
[  682167ms] Error: Rendered fewer hooks than expected. This may be caused by an accidental early return statement.
    at cs (http://localhost:5173/node_modules/.vite/deps/react-three-fiber.esm-4d3e4zwU.js?v=03bf4acf:3611:259)
    at It (http://localhost:5173/node_modules/.vite/deps/react-three-fiber.esm-4d3e4zwU.js?v=03bf4acf:3602:12)
    at ks (http://localhost:5173/node_modules/.vite/deps/react-three-fiber.esm-4d3e4zwU.js?v=03bf4acf:4615:362)
    at tt (http://localhost:5173/node_modules/.vite/deps/react-three-fiber.esm-4d3e4zwU.js?v=03bf4acf:4936:21)
    at B (http://localhost:5173/node_modules/.vite/deps/react-three-fiber.esm-4d3e4zwU.js?v=03bf4acf:2445:55)
    at Ph (http://localhost:5173/node_modules/.vite/deps/react-three-fiber.esm-4d3e4zwU.js?v=03bf4acf:6705:38)
    at wh (http://localhost:5173/node_modules/.vite/deps/react-three-fiber.esm-4d3e4zwU.js?v=03bf4acf:6624:26)
    at Ff (http://localhost:5173/node_modules/.vite/deps/react-three-fiber.esm-4d3e4zwU.js?v=03bf4acf:6615:7)
    at Lf (http://localhost:5173/node_modules/.vite/deps/react-three-fiber.esm-4d3e4zwU.js?v=03bf4acf:6406:48)
    at Ap (http://localhost:5173/node_modules/.vite/deps/react-three-fiber.esm-4d3e4zwU.js?v=03bf4acf:2839:23)
[  682167ms] [WARNING] %s

%s
 An error occurred in the <CanvasImpl> component. Consider adding an error boundary to your tree to customize error handling behavior.
Visit https://react.dev/link/error-boundaries to learn more about error boundaries. @ http://localhost:5173/@vite/client:509
[  682676ms] [LOG] THREE.WebGLRenderer: Context Lost. @ http://localhost:5173/node_modules/.vite/deps/three.module-BtZcz66E.js?v=03bf4acf:1694
[  696059ms] [WARNING] THREE.THREE.Clock: This module has been deprecated. Please use THREE.Timer instead. @ http://localhost:5173/@vite/client:509
